interactions:
- request:
    body: '{"phoneNumberType": "tollFree", "assignmentType": "application", "capabilities":
      {"calling": "inbound", "sms": "inbound+outbound"}}'
    headers:
      Accept:
      - application/json
      Accept-Encoding:
      - gzip, deflate
      Connection:
      - keep-alive
      Content-Length:
      - '131'
      Content-Type:
      - application/json
      User-Agent:
      - azsdk-python-communication-phonenumbers/1.1.0 Python/3.10.11 (Windows-10-10.0.22621-SP0)
      x-ms-content-sha256:
      - ecyowPPqS6i2jEjg4ZPaHAki9yDR8IHa8lF+VXRefVM=
      x-ms-date:
      - Thu, 06 Jul 2023 21:11:57 GMT
      x-ms-return-client-request-id:
      - 'true'
    method: POST
    uri: https://sanitized.communication.azure.com/availablePhoneNumbers/countries/US/:search?api-version=2022-12-01
  response:
    body:
      string: ''
    headers:
      access-control-expose-headers:
      - Location,Operation-Location,operation-id,search-id
      api-supported-versions:
      - 2021-03-07, 2022-01-11-preview2, 2022-06-01-preview, 2022-12-01, 2022-12-02-preview2,
        2023-05-01-preview
      content-length:
      - '0'
      date:
      - Thu, 06 Jul 2023 21:11:59 GMT
      location:
      - /availablePhoneNumbers/searchResults/16015f8b-a83d-4aff-b3e1-473fc7458590?api-version=2022-12-01
      ms-cv:
      - A27lJsbT20OcE858US4vdQ.0
      operation-id:
      - search_16015f8b-a83d-4aff-b3e1-473fc7458590
      operation-location:
      - /phoneNumbers/operations/search_16015f8b-a83d-4aff-b3e1-473fc7458590?api-version=2022-12-01
      search-id:
      - 16015f8b-a83d-4aff-b3e1-473fc7458590
      strict-transport-security:
      - max-age=2592000
      x-azure-ref:
      - 0HS6nZAAAAAAJhEb6AvacR6oUGVgPj6xnWVZSMzExMDAwMTE1MDM3ADlmYzdiNTE5LWE4Y2MtNGY4OS05MzVlLWM5MTQ4YWUwOWU4MQ==
      x-cache:
      - CONFIG_NOCACHE
      x-processing-time:
      - 1868ms
    status:
      code: 202
      message: Accepted
- request:
    body: null
    headers:
      Accept:
      - '*/*'
      Accept-Encoding:
      - gzip, deflate
      Connection:
      - keep-alive
      User-Agent:
      - azsdk-python-communication-phonenumbers/1.1.0 Python/3.10.11 (Windows-10-10.0.22621-SP0)
      x-ms-content-sha256:
      - 47DEQpj8HBSa+/TImW+5JCeuQeRkm5NMpJWZG3hSuFU=
      x-ms-date:
      - Thu, 06 Jul 2023 21:12:00 GMT
      x-ms-return-client-request-id:
      - 'true'
    method: GET
    uri: https://sanitized.communication.azure.com/phoneNumbers/operations/search_16015f8b-a83d-4aff-b3e1-473fc7458590?api-version=2022-12-01
  response:
    body:
      string: '{"operationType": "search", "status": "notStarted", "resourceLocation":
        "/availablePhoneNumbers/searchResults/16015f8b-a83d-4aff-b3e1-473fc7458590?api-version=2022-12-01",
        "createdDateTime": "2023-07-06T21:11:59.0360394+00:00", "id": "sanitized",
        "lastActionDateTime": "0001-01-01T00:00:00+00:00"}'
    headers:
      access-control-expose-headers:
      - Location
      api-supported-versions:
      - 2021-03-07, 2022-01-11-preview2, 2022-06-01-preview, 2022-11-15-preview, 2022-12-01,
        2022-12-02-preview2, 2023-05-01-preview
      content-type:
      - application/json; charset=utf-8
      date:
      - Thu, 06 Jul 2023 21:11:59 GMT
      location:
      - /availablePhoneNumbers/searchResults/16015f8b-a83d-4aff-b3e1-473fc7458590?api-version=2022-12-01
      ms-cv:
      - E9W7ndvYC0mm7Ugn8vKz8A.0
      strict-transport-security:
      - max-age=2592000
      transfer-encoding:
      - chunked
      x-azure-ref:
      - 0Hy6nZAAAAAAfJ0S4DNnqSbGhOQufLSo5WVZSMzExMDAwMTE1MDM3ADlmYzdiNTE5LWE4Y2MtNGY4OS05MzVlLWM5MTQ4YWUwOWU4MQ==
      x-cache:
      - CONFIG_NOCACHE
      x-processing-time:
      - 205ms
    status:
      code: 200
      message: OK
    url: sanitized
- request:
    body: null
    headers:
      Accept:
      - '*/*'
      Accept-Encoding:
      - gzip, deflate
      Connection:
      - keep-alive
      User-Agent:
      - azsdk-python-communication-phonenumbers/1.1.0 Python/3.10.11 (Windows-10-10.0.22621-SP0)
      x-ms-content-sha256:
      - 47DEQpj8HBSa+/TImW+5JCeuQeRkm5NMpJWZG3hSuFU=
      x-ms-date:
      - Thu, 06 Jul 2023 21:12:02 GMT
      x-ms-return-client-request-id:
      - 'true'
    method: GET
    uri: https://sanitized.communication.azure.com/phoneNumbers/operations/search_16015f8b-a83d-4aff-b3e1-473fc7458590?api-version=2022-12-01
  response:
    body:
      string: '{"operationType": "search", "status": "succeeded", "resourceLocation":
        "/availablePhoneNumbers/searchResults/16015f8b-a83d-4aff-b3e1-473fc7458590?api-version=2022-12-01",
        "createdDateTime": "2023-07-06T21:11:59.0360394+00:00", "id": "sanitized",
        "lastActionDateTime": "0001-01-01T00:00:00+00:00"}'
    headers:
      access-control-expose-headers:
      - Location
      api-supported-versions:
      - 2021-03-07, 2022-01-11-preview2, 2022-06-01-preview, 2022-11-15-preview, 2022-12-01,
        2022-12-02-preview2, 2023-05-01-preview
      content-type:
      - application/json; charset=utf-8
      date:
      - Thu, 06 Jul 2023 21:12:01 GMT
      location:
      - /availablePhoneNumbers/searchResults/16015f8b-a83d-4aff-b3e1-473fc7458590?api-version=2022-12-01
      ms-cv:
      - KXPVh0WbmkSBxzy0jDfSwA.0
      strict-transport-security:
      - max-age=2592000
      transfer-encoding:
      - chunked
      x-azure-ref:
      - 0IS6nZAAAAABD2FY+4mmxR7SOLOHhgRB5WVZSMzExMDAwMTE1MDM3ADlmYzdiNTE5LWE4Y2MtNGY4OS05MzVlLWM5MTQ4YWUwOWU4MQ==
      x-cache:
      - CONFIG_NOCACHE
      x-processing-time:
      - 211ms
    status:
      code: 200
      message: OK
    url: sanitized
- request:
    body: null
    headers:
      Accept:
      - '*/*'
      Accept-Encoding:
      - gzip, deflate
      Connection:
      - keep-alive
      User-Agent:
      - azsdk-python-communication-phonenumbers/1.1.0 Python/3.10.11 (Windows-10-10.0.22621-SP0)
      x-ms-content-sha256:
      - 47DEQpj8HBSa+/TImW+5JCeuQeRkm5NMpJWZG3hSuFU=
      x-ms-date:
      - Thu, 06 Jul 2023 21:12:02 GMT
      x-ms-return-client-request-id:
      - 'true'
    method: GET
    uri: https://sanitized.communication.azure.com/availablePhoneNumbers/searchResults/16015f8b-a83d-4aff-b3e1-473fc7458590?api-version=2022-12-01
  response:
    body:
      string: '{"searchId": "16015f8b-a83d-4aff-b3e1-473fc7458590", "phoneNumbers":
        ["sanitized"], "phoneNumberType": "tollFree", "assignmentType": "application",
        "capabilities": {"calling": "inbound", "sms": "inbound+outbound"}, "cost":
        {"amount": 2.0, "currencyCode": "USD", "billingFrequency": "monthly"}, "searchExpiresBy":
        "2023-07-06T21:28:00.8466667+00:00", "error": "NoError"}'
    headers:
      api-supported-versions:
      - 2021-03-07, 2022-01-11-preview2, 2022-06-01-preview, 2022-12-01, 2022-12-02-preview2,
        2023-05-01-preview
      content-length:
      - '369'
      content-type:
      - application/json; charset=utf-8
      date:
      - Thu, 06 Jul 2023 21:12:02 GMT
      ms-cv:
      - bEi/WV5lpUGXFZTnMqYLRQ.0
      strict-transport-security:
      - max-age=2592000
      x-azure-ref:
      - 0Ii6nZAAAAAAwAS9kcRBHR4egDxh1ybkzWVZSMzExMDAwMTE1MDM3ADlmYzdiNTE5LWE4Y2MtNGY4OS05MzVlLWM5MTQ4YWUwOWU4MQ==
      x-cache:
      - CONFIG_NOCACHE
      x-processing-time:
      - 505ms
    status:
      code: 200
      message: OK
    url: sanitized
- request:
    body: '{"searchId": "16015f8b-a83d-4aff-b3e1-473fc7458590"}'
    headers:
      Accept:
      - application/json
      Accept-Encoding:
      - gzip, deflate
      Connection:
      - keep-alive
      Content-Length:
      - '52'
      Content-Type:
      - application/json
      User-Agent:
      - azsdk-python-communication-phonenumbers/1.1.0 Python/3.10.11 (Windows-10-10.0.22621-SP0)
      x-ms-content-sha256:
      - aBxSMpwOC+P3GHB/V/ir4K56PLIE4ym9d7TnyV/ypmE=
      x-ms-date:
      - Thu, 06 Jul 2023 21:12:03 GMT
      x-ms-return-client-request-id:
      - 'true'
    method: POST
    uri: https://sanitized.communication.azure.com/availablePhoneNumbers/:purchase?api-version=2022-12-01
  response:
    body:
      string: ''
    headers:
      access-control-expose-headers:
      - Operation-Location,operation-id,purchase-id
      api-supported-versions:
      - 2021-03-07, 2022-01-11-preview2, 2022-06-01-preview, 2022-12-01, 2022-12-02-preview2,
        2023-05-01-preview
      content-length:
      - '0'
      date:
      - Thu, 06 Jul 2023 21:12:03 GMT
      ms-cv:
      - ijO6YRh4Zk+DXedYcUroFg.0
      operation-id:
      - purchase_16015f8b-a83d-4aff-b3e1-473fc7458590
      operation-location:
      - /phoneNumbers/operations/purchase_16015f8b-a83d-4aff-b3e1-473fc7458590?api-version=2022-12-01
      purchase-id:
      - 16015f8b-a83d-4aff-b3e1-473fc7458590
      strict-transport-security:
      - max-age=2592000
      x-azure-ref:
      - 0Ii6nZAAAAABEwB5+wAcwR7IbNSpDUNkPWVZSMzExMDAwMTE1MDM3ADlmYzdiNTE5LWE4Y2MtNGY4OS05MzVlLWM5MTQ4YWUwOWU4MQ==
      x-cache:
      - CONFIG_NOCACHE
      x-processing-time:
      - 715ms
    status:
      code: 202
      message: Accepted
- request:
    body: null
    headers:
      Accept:
      - '*/*'
      Accept-Encoding:
      - gzip, deflate
      Connection:
      - keep-alive
      User-Agent:
      - azsdk-python-communication-phonenumbers/1.1.0 Python/3.10.11 (Windows-10-10.0.22621-SP0)
      x-ms-content-sha256:
      - 47DEQpj8HBSa+/TImW+5JCeuQeRkm5NMpJWZG3hSuFU=
      x-ms-date:
      - Thu, 06 Jul 2023 21:12:04 GMT
      x-ms-return-client-request-id:
      - 'true'
    method: GET
    uri: https://sanitized.communication.azure.com/phoneNumbers/operations/purchase_16015f8b-a83d-4aff-b3e1-473fc7458590?api-version=2022-12-01
  response:
    body:
      string: '{"operationType": "purchase", "status": "running", "resourceLocation":
        null, "createdDateTime": "2023-07-06T21:11:59.0360394+00:00", "id": "sanitized",
        "lastActionDateTime": "0001-01-01T00:00:00+00:00"}'
    headers:
      api-supported-versions:
      - 2021-03-07, 2022-01-11-preview2, 2022-06-01-preview, 2022-11-15-preview, 2022-12-01,
        2022-12-02-preview2, 2023-05-01-preview
      content-type:
      - application/json; charset=utf-8
      date:
      - Thu, 06 Jul 2023 21:12:03 GMT
      ms-cv:
      - xQzgaOs0nEuovuU8LX1xeg.0
      strict-transport-security:
      - max-age=2592000
      transfer-encoding:
      - chunked
      x-azure-ref:
      - 0Iy6nZAAAAABUzH7NB3XKQb6bBNocI9JtWVZSMzExMDAwMTE1MDM3ADlmYzdiNTE5LWE4Y2MtNGY4OS05MzVlLWM5MTQ4YWUwOWU4MQ==
      x-cache:
      - CONFIG_NOCACHE
      x-processing-time:
      - 226ms
    status:
      code: 200
      message: OK
    url: sanitized
- request:
    body: null
    headers:
      Accept:
      - '*/*'
      Accept-Encoding:
      - gzip, deflate
      Connection:
      - keep-alive
      User-Agent:
      - azsdk-python-communication-phonenumbers/1.1.0 Python/3.10.11 (Windows-10-10.0.22621-SP0)
      x-ms-content-sha256:
      - 47DEQpj8HBSa+/TImW+5JCeuQeRkm5NMpJWZG3hSuFU=
      x-ms-date:
      - Thu, 06 Jul 2023 21:12:06 GMT
      x-ms-return-client-request-id:
      - 'true'
    method: GET
    uri: https://sanitized.communication.azure.com/phoneNumbers/operations/purchase_16015f8b-a83d-4aff-b3e1-473fc7458590?api-version=2022-12-01
  response:
    body:
      string: '{"operationType": "purchase", "status": "running", "resourceLocation":
        null, "createdDateTime": "2023-07-06T21:11:59.0360394+00:00", "id": "sanitized",
        "lastActionDateTime": "0001-01-01T00:00:00+00:00"}'
    headers:
      api-supported-versions:
      - 2021-03-07, 2022-01-11-preview2, 2022-06-01-preview, 2022-11-15-preview, 2022-12-01,
        2022-12-02-preview2, 2023-05-01-preview
      content-type:
      - application/json; charset=utf-8
      date:
      - Thu, 06 Jul 2023 21:12:05 GMT
      ms-cv:
      - qSXlBzMKb0GEZ3siyNfP6w.0
      strict-transport-security:
      - max-age=2592000
      transfer-encoding:
      - chunked
      x-azure-ref:
      - 0JS6nZAAAAADEoogR7VVrQrpmARw3GzsrWVZSMzExMDAwMTE1MDM3ADlmYzdiNTE5LWE4Y2MtNGY4OS05MzVlLWM5MTQ4YWUwOWU4MQ==
      x-cache:
      - CONFIG_NOCACHE
      x-processing-time:
      - 187ms
    status:
      code: 200
      message: OK
    url: sanitized
- request:
    body: null
    headers:
      Accept:
      - '*/*'
      Accept-Encoding:
      - gzip, deflate
      Connection:
      - keep-alive
      User-Agent:
      - azsdk-python-communication-phonenumbers/1.1.0 Python/3.10.11 (Windows-10-10.0.22621-SP0)
      x-ms-content-sha256:
      - 47DEQpj8HBSa+/TImW+5JCeuQeRkm5NMpJWZG3hSuFU=
      x-ms-date:
      - Thu, 06 Jul 2023 21:12:08 GMT
      x-ms-return-client-request-id:
      - 'true'
    method: GET
    uri: https://sanitized.communication.azure.com/phoneNumbers/operations/purchase_16015f8b-a83d-4aff-b3e1-473fc7458590?api-version=2022-12-01
  response:
    body:
      string: '{"operationType": "purchase", "status": "running", "resourceLocation":
        null, "createdDateTime": "2023-07-06T21:11:59.0360394+00:00", "id": "sanitized",
        "lastActionDateTime": "0001-01-01T00:00:00+00:00"}'
    headers:
      api-supported-versions:
      - 2021-03-07, 2022-01-11-preview2, 2022-06-01-preview, 2022-11-15-preview, 2022-12-01,
        2022-12-02-preview2, 2023-05-01-preview
      content-type:
      - application/json; charset=utf-8
      date:
      - Thu, 06 Jul 2023 21:12:08 GMT
      ms-cv:
      - qSYwEyxiQkGaM9EiRHU/7Q.0
      strict-transport-security:
      - max-age=2592000
      transfer-encoding:
      - chunked
      x-azure-ref:
      - 0KC6nZAAAAADOXlY4AQwbQLGtPXI56s46WVZSMzExMDAwMTE1MDM3ADlmYzdiNTE5LWE4Y2MtNGY4OS05MzVlLWM5MTQ4YWUwOWU4MQ==
      x-cache:
      - CONFIG_NOCACHE
      x-processing-time:
      - 186ms
    status:
      code: 200
      message: OK
    url: sanitized
- request:
    body: null
    headers:
      Accept:
      - '*/*'
      Accept-Encoding:
      - gzip, deflate
      Connection:
      - keep-alive
      User-Agent:
      - azsdk-python-communication-phonenumbers/1.1.0 Python/3.10.11 (Windows-10-10.0.22621-SP0)
      x-ms-content-sha256:
      - 47DEQpj8HBSa+/TImW+5JCeuQeRkm5NMpJWZG3hSuFU=
      x-ms-date:
      - Thu, 06 Jul 2023 21:12:11 GMT
      x-ms-return-client-request-id:
      - 'true'
    method: GET
    uri: https://sanitized.communication.azure.com/phoneNumbers/operations/purchase_16015f8b-a83d-4aff-b3e1-473fc7458590?api-version=2022-12-01
  response:
    body:
      string: '{"operationType": "purchase", "status": "running", "resourceLocation":
        null, "createdDateTime": "2023-07-06T21:11:59.0360394+00:00", "id": "sanitized",
        "lastActionDateTime": "0001-01-01T00:00:00+00:00"}'
    headers:
      api-supported-versions:
      - 2021-03-07, 2022-01-11-preview2, 2022-06-01-preview, 2022-11-15-preview, 2022-12-01,
        2022-12-02-preview2, 2023-05-01-preview
      content-type:
      - application/json; charset=utf-8
      date:
      - Thu, 06 Jul 2023 21:12:10 GMT
      ms-cv:
      - E0s328W610qk2u6wXXWWgg.0
      strict-transport-security:
      - max-age=2592000
      transfer-encoding:
      - chunked
      x-azure-ref:
      - 0Ki6nZAAAAACjmzAzpRbqS6KEGGEeWEEaWVZSMzExMDAwMTE1MDM3ADlmYzdiNTE5LWE4Y2MtNGY4OS05MzVlLWM5MTQ4YWUwOWU4MQ==
      x-cache:
      - CONFIG_NOCACHE
      x-processing-time:
      - 201ms
    status:
      code: 200
      message: OK
    url: sanitized
- request:
    body: null
    headers:
      Accept:
      - '*/*'
      Accept-Encoding:
      - gzip, deflate
      Connection:
      - keep-alive
      User-Agent:
      - azsdk-python-communication-phonenumbers/1.1.0 Python/3.10.11 (Windows-10-10.0.22621-SP0)
      x-ms-content-sha256:
      - 47DEQpj8HBSa+/TImW+5JCeuQeRkm5NMpJWZG3hSuFU=
      x-ms-date:
      - Thu, 06 Jul 2023 21:12:13 GMT
      x-ms-return-client-request-id:
      - 'true'
    method: GET
    uri: https://sanitized.communication.azure.com/phoneNumbers/operations/purchase_16015f8b-a83d-4aff-b3e1-473fc7458590?api-version=2022-12-01
  response:
    body:
      string: '{"operationType": "purchase", "status": "notStarted", "resourceLocation":
        null, "createdDateTime": "2023-07-06T21:11:59.0360394+00:00", "id": "sanitized",
        "lastActionDateTime": "0001-01-01T00:00:00+00:00"}'
    headers:
      api-supported-versions:
      - 2021-03-07, 2022-01-11-preview2, 2022-06-01-preview, 2022-11-15-preview, 2022-12-01,
        2022-12-02-preview2, 2023-05-01-preview
      content-type:
      - application/json; charset=utf-8
      date:
      - Thu, 06 Jul 2023 21:12:12 GMT
      ms-cv:
      - 3bMEJyCbeUK4GBITfujcDg.0
      strict-transport-security:
      - max-age=2592000
      transfer-encoding:
      - chunked
      x-azure-ref:
      - 0LC6nZAAAAACVgoqBOfUzS5lHkvOzxrMdWVZSMzExMDAwMTE1MDM3ADlmYzdiNTE5LWE4Y2MtNGY4OS05MzVlLWM5MTQ4YWUwOWU4MQ==
      x-cache:
      - CONFIG_NOCACHE
      x-processing-time:
      - 186ms
    status:
      code: 200
      message: OK
    url: sanitized
- request:
    body: null
    headers:
      Accept:
      - '*/*'
      Accept-Encoding:
      - gzip, deflate
      Connection:
      - keep-alive
      User-Agent:
      - azsdk-python-communication-phonenumbers/1.1.0 Python/3.10.11 (Windows-10-10.0.22621-SP0)
      x-ms-content-sha256:
      - 47DEQpj8HBSa+/TImW+5JCeuQeRkm5NMpJWZG3hSuFU=
      x-ms-date:
      - Thu, 06 Jul 2023 21:12:15 GMT
      x-ms-return-client-request-id:
      - 'true'
    method: GET
    uri: https://sanitized.communication.azure.com/phoneNumbers/operations/purchase_16015f8b-a83d-4aff-b3e1-473fc7458590?api-version=2022-12-01
  response:
    body:
      string: '{"operationType": "purchase", "status": "notStarted", "resourceLocation":
        null, "createdDateTime": "2023-07-06T21:11:59.0360394+00:00", "id": "sanitized",
        "lastActionDateTime": "0001-01-01T00:00:00+00:00"}'
    headers:
      api-supported-versions:
      - 2021-03-07, 2022-01-11-preview2, 2022-06-01-preview, 2022-11-15-preview, 2022-12-01,
        2022-12-02-preview2, 2023-05-01-preview
      content-type:
      - application/json; charset=utf-8
      date:
      - Thu, 06 Jul 2023 21:12:15 GMT
      ms-cv:
      - TlUuf0WW60Of6g4evmwzrw.0
      strict-transport-security:
      - max-age=2592000
      transfer-encoding:
      - chunked
      x-azure-ref:
      - 0Ly6nZAAAAAB7/swFbokvTYfpXWbEB3dzWVZSMzExMDAwMTE1MDM3ADlmYzdiNTE5LWE4Y2MtNGY4OS05MzVlLWM5MTQ4YWUwOWU4MQ==
      x-cache:
      - CONFIG_NOCACHE
      x-processing-time:
      - 185ms
    status:
      code: 200
      message: OK
    url: sanitized
- request:
    body: null
    headers:
      Accept:
      - '*/*'
      Accept-Encoding:
      - gzip, deflate
      Connection:
      - keep-alive
      User-Agent:
      - azsdk-python-communication-phonenumbers/1.1.0 Python/3.10.11 (Windows-10-10.0.22621-SP0)
      x-ms-content-sha256:
      - 47DEQpj8HBSa+/TImW+5JCeuQeRkm5NMpJWZG3hSuFU=
      x-ms-date:
      - Thu, 06 Jul 2023 21:12:18 GMT
      x-ms-return-client-request-id:
      - 'true'
    method: GET
    uri: https://sanitized.communication.azure.com/phoneNumbers/operations/purchase_16015f8b-a83d-4aff-b3e1-473fc7458590?api-version=2022-12-01
  response:
    body:
      string: '{"operationType": "purchase", "status": "notStarted", "resourceLocation":
        null, "createdDateTime": "2023-07-06T21:11:59.0360394+00:00", "id": "sanitized",
        "lastActionDateTime": "0001-01-01T00:00:00+00:00"}'
    headers:
      api-supported-versions:
      - 2021-03-07, 2022-01-11-preview2, 2022-06-01-preview, 2022-11-15-preview, 2022-12-01,
        2022-12-02-preview2, 2023-05-01-preview
      content-type:
      - application/json; charset=utf-8
      date:
      - Thu, 06 Jul 2023 21:12:17 GMT
      ms-cv:
      - zBxCRxeUpkWAcA2r2e4j1g.0
      strict-transport-security:
      - max-age=2592000
      transfer-encoding:
      - chunked
      x-azure-ref:
      - 0MS6nZAAAAACAxFb0jmuZRpcmtOkN/TDZWVZSMzExMDAwMTE1MDM3ADlmYzdiNTE5LWE4Y2MtNGY4OS05MzVlLWM5MTQ4YWUwOWU4MQ==
      x-cache:
      - CONFIG_NOCACHE
      x-processing-time:
      - 199ms
    status:
      code: 200
      message: OK
    url: sanitized
- request:
    body: null
    headers:
      Accept:
      - '*/*'
      Accept-Encoding:
      - gzip, deflate
      Connection:
      - keep-alive
      User-Agent:
      - azsdk-python-communication-phonenumbers/1.1.0 Python/3.10.11 (Windows-10-10.0.22621-SP0)
      x-ms-content-sha256:
      - 47DEQpj8HBSa+/TImW+5JCeuQeRkm5NMpJWZG3hSuFU=
      x-ms-date:
      - Thu, 06 Jul 2023 21:12:20 GMT
      x-ms-return-client-request-id:
      - 'true'
    method: GET
    uri: https://sanitized.communication.azure.com/phoneNumbers/operations/purchase_16015f8b-a83d-4aff-b3e1-473fc7458590?api-version=2022-12-01
  response:
    body:
      string: '{"operationType": "purchase", "status": "notStarted", "resourceLocation":
        null, "createdDateTime": "2023-07-06T21:11:59.0360394+00:00", "id": "sanitized",
        "lastActionDateTime": "0001-01-01T00:00:00+00:00"}'
    headers:
      api-supported-versions:
      - 2021-03-07, 2022-01-11-preview2, 2022-06-01-preview, 2022-11-15-preview, 2022-12-01,
        2022-12-02-preview2, 2023-05-01-preview
      content-type:
      - application/json; charset=utf-8
      date:
      - Thu, 06 Jul 2023 21:12:19 GMT
      ms-cv:
      - f6Qh6DLBC0GES969GZSX1A.0
      strict-transport-security:
      - max-age=2592000
      transfer-encoding:
      - chunked
      x-azure-ref:
      - 0My6nZAAAAADq2AXkg6dQQaJ/AQvnhflZWVZSMzExMDAwMTE1MDM3ADlmYzdiNTE5LWE4Y2MtNGY4OS05MzVlLWM5MTQ4YWUwOWU4MQ==
      x-cache:
      - CONFIG_NOCACHE
      x-processing-time:
      - 192ms
    status:
      code: 200
      message: OK
    url: sanitized
- request:
    body: null
    headers:
      Accept:
      - '*/*'
      Accept-Encoding:
      - gzip, deflate
      Connection:
      - keep-alive
      User-Agent:
      - azsdk-python-communication-phonenumbers/1.1.0 Python/3.10.11 (Windows-10-10.0.22621-SP0)
      x-ms-content-sha256:
      - 47DEQpj8HBSa+/TImW+5JCeuQeRkm5NMpJWZG3hSuFU=
      x-ms-date:
      - Thu, 06 Jul 2023 21:12:22 GMT
      x-ms-return-client-request-id:
      - 'true'
    method: GET
    uri: https://sanitized.communication.azure.com/phoneNumbers/operations/purchase_16015f8b-a83d-4aff-b3e1-473fc7458590?api-version=2022-12-01
  response:
    body:
      string: '{"operationType": "purchase", "status": "notStarted", "resourceLocation":
        null, "createdDateTime": "2023-07-06T21:11:59.0360394+00:00", "id": "sanitized",
        "lastActionDateTime": "0001-01-01T00:00:00+00:00"}'
    headers:
      api-supported-versions:
      - 2021-03-07, 2022-01-11-preview2, 2022-06-01-preview, 2022-11-15-preview, 2022-12-01,
        2022-12-02-preview2, 2023-05-01-preview
      content-type:
      - application/json; charset=utf-8
      date:
      - Thu, 06 Jul 2023 21:12:22 GMT
      ms-cv:
      - HQ06keJHlkaBH/vmmTlooA.0
      strict-transport-security:
      - max-age=2592000
      transfer-encoding:
      - chunked
      x-azure-ref:
      - 0NS6nZAAAAABT2gLbf7i3SJgCuP4jejCXWVZSMzExMDAwMTE1MDM3ADlmYzdiNTE5LWE4Y2MtNGY4OS05MzVlLWM5MTQ4YWUwOWU4MQ==
      x-cache:
      - CONFIG_NOCACHE
      x-processing-time:
      - 186ms
    status:
      code: 200
      message: OK
    url: sanitized
- request:
    body: null
    headers:
      Accept:
      - '*/*'
      Accept-Encoding:
      - gzip, deflate
      Connection:
      - keep-alive
      User-Agent:
      - azsdk-python-communication-phonenumbers/1.1.0 Python/3.10.11 (Windows-10-10.0.22621-SP0)
      x-ms-content-sha256:
      - 47DEQpj8HBSa+/TImW+5JCeuQeRkm5NMpJWZG3hSuFU=
      x-ms-date:
      - Thu, 06 Jul 2023 21:12:24 GMT
      x-ms-return-client-request-id:
      - 'true'
    method: GET
    uri: https://sanitized.communication.azure.com/phoneNumbers/operations/purchase_16015f8b-a83d-4aff-b3e1-473fc7458590?api-version=2022-12-01
  response:
    body:
      string: '{"operationType": "purchase", "status": "notStarted", "resourceLocation":
        null, "createdDateTime": "2023-07-06T21:11:59.0360394+00:00", "id": "sanitized",
        "lastActionDateTime": "0001-01-01T00:00:00+00:00"}'
    headers:
      api-supported-versions:
      - 2021-03-07, 2022-01-11-preview2, 2022-06-01-preview, 2022-11-15-preview, 2022-12-01,
        2022-12-02-preview2, 2023-05-01-preview
      content-type:
      - application/json; charset=utf-8
      date:
      - Thu, 06 Jul 2023 21:12:24 GMT
      ms-cv:
      - k0rFpx3R40SuYoTuluYQXg.0
      strict-transport-security:
      - max-age=2592000
      transfer-encoding:
      - chunked
      x-azure-ref:
      - 0OC6nZAAAAAAQ4gK3UfEIR5cA8/b0YGUVWVZSMzExMDAwMTE1MDM3ADlmYzdiNTE5LWE4Y2MtNGY4OS05MzVlLWM5MTQ4YWUwOWU4MQ==
      x-cache:
      - CONFIG_NOCACHE
      x-processing-time:
      - 195ms
    status:
      code: 200
      message: OK
    url: sanitized
- request:
    body: null
    headers:
      Accept:
      - '*/*'
      Accept-Encoding:
      - gzip, deflate
      Connection:
      - keep-alive
      User-Agent:
      - azsdk-python-communication-phonenumbers/1.1.0 Python/3.10.11 (Windows-10-10.0.22621-SP0)
      x-ms-content-sha256:
      - 47DEQpj8HBSa+/TImW+5JCeuQeRkm5NMpJWZG3hSuFU=
      x-ms-date:
      - Thu, 06 Jul 2023 21:12:27 GMT
      x-ms-return-client-request-id:
      - 'true'
    method: GET
    uri: https://sanitized.communication.azure.com/phoneNumbers/operations/purchase_16015f8b-a83d-4aff-b3e1-473fc7458590?api-version=2022-12-01
  response:
    body:
      string: '{"operationType": "purchase", "status": "notStarted", "resourceLocation":
        null, "createdDateTime": "2023-07-06T21:11:59.0360394+00:00", "id": "sanitized",
        "lastActionDateTime": "0001-01-01T00:00:00+00:00"}'
    headers:
      api-supported-versions:
      - 2021-03-07, 2022-01-11-preview2, 2022-06-01-preview, 2022-11-15-preview, 2022-12-01,
        2022-12-02-preview2, 2023-05-01-preview
      content-type:
      - application/json; charset=utf-8
      date:
      - Thu, 06 Jul 2023 21:12:26 GMT
      ms-cv:
      - 6b9rsnwuokChNZNeps/3Eg.0
      strict-transport-security:
      - max-age=2592000
      transfer-encoding:
      - chunked
      x-azure-ref:
      - 0Oi6nZAAAAAA50Y5ixHVEQbyHo/l+2azsWVZSMzExMDAwMTE1MDM3ADlmYzdiNTE5LWE4Y2MtNGY4OS05MzVlLWM5MTQ4YWUwOWU4MQ==
      x-cache:
      - CONFIG_NOCACHE
      x-processing-time:
      - 181ms
    status:
      code: 200
      message: OK
    url: sanitized
- request:
    body: null
    headers:
      Accept:
      - '*/*'
      Accept-Encoding:
      - gzip, deflate
      Connection:
      - keep-alive
      User-Agent:
      - azsdk-python-communication-phonenumbers/1.1.0 Python/3.10.11 (Windows-10-10.0.22621-SP0)
      x-ms-content-sha256:
      - 47DEQpj8HBSa+/TImW+5JCeuQeRkm5NMpJWZG3hSuFU=
      x-ms-date:
      - Thu, 06 Jul 2023 21:12:29 GMT
      x-ms-return-client-request-id:
      - 'true'
    method: GET
    uri: https://sanitized.communication.azure.com/phoneNumbers/operations/purchase_16015f8b-a83d-4aff-b3e1-473fc7458590?api-version=2022-12-01
  response:
    body:
      string: '{"operationType": "purchase", "status": "succeeded", "resourceLocation":
        null, "createdDateTime": "2023-07-06T21:11:59.0360394+00:00", "id": "sanitized",
        "lastActionDateTime": "0001-01-01T00:00:00+00:00"}'
    headers:
      api-supported-versions:
      - 2021-03-07, 2022-01-11-preview2, 2022-06-01-preview, 2022-11-15-preview, 2022-12-01,
        2022-12-02-preview2, 2023-05-01-preview
      content-type:
      - application/json; charset=utf-8
      date:
      - Thu, 06 Jul 2023 21:12:28 GMT
      ms-cv:
      - pn856xC780aVRj+/4vrlHA.0
      strict-transport-security:
      - max-age=2592000
      transfer-encoding:
      - chunked
      x-azure-ref:
      - 0PC6nZAAAAADjeNnIdSk0SZHFYRmtlDt4WVZSMzExMDAwMTE1MDM3ADlmYzdiNTE5LWE4Y2MtNGY4OS05MzVlLWM5MTQ4YWUwOWU4MQ==
      x-cache:
      - CONFIG_NOCACHE
      x-processing-time:
      - 194ms
    status:
      code: 200
      message: OK
    url: sanitized
- request:
    body: null
    headers:
      Accept:
      - application/json
      Accept-Encoding:
      - gzip, deflate
      Connection:
      - keep-alive
      User-Agent:
      - AzureCli/2.0.0 azsdk-python-communication-phonenumbers/1.1.0 Python/3.10.11
        (Windows-10-10.0.22621-SP0)
      x-ms-content-sha256:
      - 47DEQpj8HBSa+/TImW+5JCeuQeRkm5NMpJWZG3hSuFU=
      x-ms-date:
      - Thu, 06 Jul 2023 21:12:29 GMT
      x-ms-return-client-request-id:
      - 'true'
    method: GET
    uri: https://sanitized.communication.azure.com/phoneNumbers?skip=0&top=100&api-version=2022-12-01
  response:
    body:
      string: '{"phoneNumbers": [{"id": "sanitized", "phoneNumber": "sanitized", "countryCode":
        "US", "phoneNumberType": "tollFree", "capabilities": {"calling": "inbound",
        "sms": "inbound+outbound"}, "assignmentType": "application", "purchaseDate":
        "2023-07-06T21:12:23.0093279+00:00", "cost": {"amount": 2.0, "currencyCode":
        "USD", "billingFrequency": "monthly"}}]}'
    headers:
      api-supported-versions:
      - 2021-03-07, 2022-01-11-preview2, 2022-06-01-preview, 2022-12-01, 2022-12-02-preview2,
        2023-05-01-preview
      content-length:
      - '351'
      content-type:
      - application/json; charset=utf-8
      date:
      - Thu, 06 Jul 2023 21:12:31 GMT
      ms-cv:
      - CYFiCj0MdEeDD3JOzG7hwA.0
      strict-transport-security:
      - max-age=2592000
      x-azure-ref:
      - 0PS6nZAAAAACwLQ8ltgZiTrPKrUdaZzZhWVZSMzExMDAwMTE1MDMxADlmYzdiNTE5LWE4Y2MtNGY4OS05MzVlLWM5MTQ4YWUwOWU4MQ==
      x-cache:
      - CONFIG_NOCACHE
      x-processing-time:
      - 2836ms
    status:
      code: 200
      message: OK
    url: sanitized
version: 1
