interactions:
- request:
    body: '{"validFrom": null, "validUntil": null}'
    headers:
      Accept:
      - application/json
      Accept-Encoding:
      - gzip, deflate
      Connection:
      - keep-alive
      Content-Length:
      - '39'
      Content-Type:
      - application/json
      Repeatability-First-Sent:
      - Thu, 06 Jul 2023 21:16:13 GMT
      Repeatability-Request-ID:
      - 56018d36-1c42-11ee-b23a-ef1ec79c5484
      User-Agent:
      - AzureCli/2.0.0 azsdk-python-communication-rooms/1.0.0 Python/3.10.11 (Windows-10-10.0.22621-SP0)
      x-ms-content-sha256:
      - vBTkhrLFogng0nIWoP6/XqO3xl87GjFK9aShkzc8E3g=
      x-ms-date:
      - Thu, 06 Jul 2023 21:16:13 GMT
      x-ms-return-client-request-id:
      - 'true'
    method: POST
    uri: https://sanitized.communication.azure.com/rooms?api-version=2023-06-14
  response:
    body:
      string: '{"id": "sanitized", "createdAt": "2023-07-06T21:16:13.0607759+00:00",
        "validFrom": "2023-07-06T21:16:12.888382+00:00", "validUntil": "2024-01-02T21:16:12.888382+00:00"}'
    headers:
      api-deprecated-versions:
      - 2021-04-07, 2022-02-01
      api-supported-versions:
      - 2023-03-31-preview, 2023-06-14
      content-type:
      - application/json; charset=utf-8
      date:
      - Thu, 06 Jul 2023 21:16:12 GMT
      location:
      - '99440997266730765'
      ms-cv:
      - T60CXK4lJUelncimyLc81A.0
      repeatability-result:
      - accepted
      request-context:
      - appId=
      transfer-encoding:
      - chunked
      x-azure-ref:
      - 0HC+nZAAAAAC8dRs1HjwaRrY/XsrqdDQcWVZSMzExMDAwMTE1MDI5ADlmYzdiNTE5LWE4Y2MtNGY4OS05MzVlLWM5MTQ4YWUwOWU4MQ==
      x-cache:
      - CONFIG_NOCACHE
    status:
      code: 201
      message: Created
- request:
    body: null
    headers:
      Accept:
      - application/json
      Accept-Encoding:
      - gzip, deflate
      Connection:
      - keep-alive
      Content-Length:
      - '0'
      Content-Type:
      - application/json
      User-Agent:
      - AzureCli/2.0.0 azsdk-python-communication-identity/1.3.1 Python/3.10.11 (Windows-10-10.0.22621-SP0)
      x-ms-content-sha256:
      - 47DEQpj8HBSa+/TImW+5JCeuQeRkm5NMpJWZG3hSuFU=
      x-ms-date:
      - Thu, 06 Jul 2023 21:16:14 GMT
      x-ms-return-client-request-id:
      - 'true'
    method: POST
    uri: https://sanitized.communication.azure.com/identities?api-version=2022-10-01
  response:
    body:
      string: '{"identity": {"id": "sanitized"}}'
    headers:
      api-supported-versions:
      - 2020-07-20-preview2, 2021-02-22-preview1, 2021-03-07, 2021-10-31-preview,
        2021-11-01, 2022-06-01, 2022-10-01, 2023-08-01
      content-length:
      - '33'
      content-type:
      - application/json; charset=utf-8
      date:
      - Thu, 06 Jul 2023 21:16:13 GMT
      ms-cv:
      - mMZsJObYbk6XRp0RCv7IVw.0
      request-context:
      - appId=
      strict-transport-security:
      - max-age=2592000
      x-azure-ref:
      - 0HS+nZAAAAAB5XpboOxu6R7amtqZVnv1rWVZSMzExMDAwMTE1MDUzADlmYzdiNTE5LWE4Y2MtNGY4OS05MzVlLWM5MTQ4YWUwOWU4MQ==
      x-cache:
      - CONFIG_NOCACHE
      x-processing-time:
      - 104ms
    status:
      code: 201
      message: Created
- request:
    body: '{"participants": {"8:acs:148b5bb1-6b03-4764-88ea-6b821eca060e_00000019-ccf1-b00d-e138-8e3a0d00b32c":
      {"role": "Consumer"}}}'
    headers:
      Accept:
      - application/json
      Accept-Encoding:
      - gzip, deflate
      Connection:
      - keep-alive
      Content-Length:
      - '123'
      Content-Type:
      - application/merge-patch+json
      User-Agent:
      - AzureCli/2.0.0 azsdk-python-communication-rooms/1.0.0 Python/3.10.11 (Windows-10-10.0.22621-SP0)
      x-ms-content-sha256:
      - 2BxLqyfDjcCXkU1V7dvHc6nmMnpceP3uLBVOaAdweOc=
      x-ms-date:
      - Thu, 06 Jul 2023 21:16:14 GMT
      x-ms-return-client-request-id:
      - 'true'
    method: PATCH
    uri: https://sanitized.communication.azure.com/rooms/sanitized/participants?api-version=2023-06-14
  response:
    body:
      string: '{}'
    headers:
      api-supported-versions:
      - 2022-02-01, 2023-03-31-preview, 2023-06-14
      content-type:
      - application/json; charset=utf-8
      date:
      - Thu, 06 Jul 2023 21:16:13 GMT
      ms-cv:
      - qaltP+xQ9Uas+3mBi1XDZg.0
      request-context:
      - appId=
      transfer-encoding:
      - chunked
      x-azure-ref:
      - 0Hi+nZAAAAAAAmUIYez1gSLrF02ZOdQ36WVZSMzExMDAwMTE1MDE5ADlmYzdiNTE5LWE4Y2MtNGY4OS05MzVlLWM5MTQ4YWUwOWU4MQ==
      x-cache:
      - CONFIG_NOCACHE
    status:
      code: 200
      message: OK
- request:
    body: '{"participants": {"8:acs:148b5bb1-6b03-4764-88ea-6b821eca060e_00000019-ccf1-b00d-e138-8e3a0d00b32c":
      null}}'
    headers:
      Accept:
      - application/json
      Accept-Encoding:
      - gzip, deflate
      Connection:
      - keep-alive
      Content-Length:
      - '107'
      Content-Type:
      - application/merge-patch+json
      User-Agent:
      - AzureCli/2.0.0 azsdk-python-communication-rooms/1.0.0 Python/3.10.11 (Windows-10-10.0.22621-SP0)
      x-ms-content-sha256:
      - 7Uh+wKlC4g8DFJ6TVv8Vn1aa6Ll/hYZCq4kac0VeL0Y=
      x-ms-date:
      - Thu, 06 Jul 2023 21:16:15 GMT
      x-ms-return-client-request-id:
      - 'true'
    method: PATCH
    uri: https://sanitized.communication.azure.com/rooms/sanitized/participants?api-version=2023-06-14
  response:
    body:
      string: '{}'
    headers:
      api-supported-versions:
      - 2022-02-01, 2023-03-31-preview, 2023-06-14
      content-type:
      - application/json; charset=utf-8
      date:
      - Thu, 06 Jul 2023 21:16:15 GMT
      ms-cv:
      - KX/6q1l94UuErj6B/w/CwQ.0
      request-context:
      - appId=
      transfer-encoding:
      - chunked
      x-azure-ref:
      - 0Hy+nZAAAAABWEWDq2/IhTo5IPXaLID4kWVZSMzExMDAwMTE1MDI5ADlmYzdiNTE5LWE4Y2MtNGY4OS05MzVlLWM5MTQ4YWUwOWU4MQ==
      x-cache:
      - CONFIG_NOCACHE
    status:
      code: 200
      message: OK
- request:
    body: null
    headers:
      Accept:
      - application/json
      Accept-Encoding:
      - gzip, deflate
      Connection:
      - keep-alive
      User-Agent:
      - AzureCli/2.0.0 azsdk-python-communication-rooms/1.0.0 Python/3.10.11 (Windows-10-10.0.22621-SP0)
      x-ms-content-sha256:
      - 47DEQpj8HBSa+/TImW+5JCeuQeRkm5NMpJWZG3hSuFU=
      x-ms-date:
      - Thu, 06 Jul 2023 21:16:16 GMT
      x-ms-return-client-request-id:
      - 'true'
    method: GET
    uri: https://sanitized.communication.azure.com/rooms/sanitized/participants?api-version=2023-06-14
  response:
    body:
      string: '{"value": []}'
    headers:
      api-supported-versions:
      - 2022-02-01, 2023-03-31-preview, 2023-06-14
      content-type:
      - application/json; charset=utf-8
      date:
      - Thu, 06 Jul 2023 21:16:15 GMT
      ms-cv:
      - /jaYMVrGbEO4tYWBFuAq1A.0
      request-context:
      - appId=
      transfer-encoding:
      - chunked
      x-azure-ref:
      - 0Hy+nZAAAAAAO2ilZHTdsQo3ihL++z6D+WVZSMzExMDAwMTE1MDA5ADlmYzdiNTE5LWE4Y2MtNGY4OS05MzVlLWM5MTQ4YWUwOWU4MQ==
      x-cache:
      - CONFIG_NOCACHE
    status:
      code: 200
      message: OK
version: 1
