interactions:
- request:
    body: '{"createTokenWithScopes": ["chat"], "expiresInMinutes": null}'
    headers:
      Accept:
      - application/json
      Accept-Encoding:
      - gzip, deflate
      Connection:
      - keep-alive
      Content-Length:
      - '61'
      Content-Type:
      - application/json
      User-Agent:
      - AzureCli/2.0.0 azsdk-python-communication-identity/1.3.1 Python/3.10.7 (Windows-10-10.0.22621-SP0)
      x-ms-content-sha256:
      - RgFKX8sq6gKDc377EdeILf3jgzCijxLOR8s04qluHkc=
      x-ms-date:
      - Fri, 23 Jun 2023 17:05:29 GMT
      x-ms-return-client-request-id:
      - 'true'
    method: POST
    uri: https://sanitized.communication.azure.com/identities?api-version=2022-10-01
  response:
    body:
      string: '{"identity": {"id": "sanitized"}, "accessToken": {"token": "sanitized",
        "expiresOn": "2023-06-24T17:05:29.8741318+00:00"}}'
    headers:
      api-supported-versions:
      - 2020-07-20-preview2, 2021-02-22-preview1, 2021-03-07, 2021-10-31-preview,
        2021-11-01, 2022-06-01, 2022-10-01, 2023-08-01
      content-length:
      - '122'
      content-type:
      - application/json; charset=utf-8
      date:
      - Fri, 23 Jun 2023 17:05:29 GMT
      ms-cv:
      - WgSzj7TJAk6V2NDOyBd16A.0
      request-context:
      - appId=
      strict-transport-security:
      - max-age=2592000
      x-azure-ref:
      - 02dCVZAAAAAC2xIOQkN8gTJtb2KvxfKsZWVZSMzExMDAwMTE1MDQ5ADlmYzdiNTE5LWE4Y2MtNGY4OS05MzVlLWM5MTQ4YWUwOWU4MQ==
      x-cache:
      - CONFIG_NOCACHE
      x-processing-time:
      - 110ms
    status:
      code: 201
      message: Created
- request:
    body: '{"topic": "some-other-topic", "participants": []}'
    headers:
      Accept:
      - application/json
      Accept-Encoding:
      - gzip, deflate
      Connection:
      - keep-alive
      Content-Length:
      - '49'
      Content-Type:
      - application/json
      User-Agent:
      - AzureCli/2.0.0 azsdk-python-communication-chat/1.1.0 Python/3.10.7 (Windows-10-10.0.22621-SP0)
      repeatability-request-id:
      - 62258db0-e887-4369-abe1-939be0087232
    method: POST
    uri: https://sanitized.communication.azure.com/chat/threads?api-version=2021-09-07
  response:
    body:
      string: '{"chatThread": {"id": "sanitized", "topic": "some-other-topic", "createdOn":
        "2023-06-23T17:05:30Z", "createdByCommunicationIdentifier": {"rawId": "sanitized",
        "communicationUser": {"id": "sanitized"}}}}'
    headers:
      api-supported-versions:
      - 2021-03-07, 2021-04-05-preview6, 2021-09-07, 2023-04-01-preview, 2023-07-01-preview
      content-length:
      - '203'
      content-type:
      - application/json; charset=utf-8
      date:
      - Fri, 23 Jun 2023 17:05:29 GMT
      location:
      - https://clitest000002.communication.azure.com/chat/threads/19%3AMeJEjPJ_XeU6Xk4Mt_g-xlc_knSzyCxCpfv03QV0Wuk1@thread.v2
      ms-cv:
      - L6SJMkI6qk2TF4zLzPV0Gg.0
      strict-transport-security:
      - max-age=2592000
      x-azure-ref:
      - 02tCVZAAAAACJ37es4KTXTaaz2dj5IRZmWVZSMzExMDAwMTE1MDIxADlmYzdiNTE5LWE4Y2MtNGY4OS05MzVlLWM5MTQ4YWUwOWU4MQ==
      x-cache:
      - CONFIG_NOCACHE
      x-processing-time:
      - 344ms
    status:
      code: 201
      message: Created
- request:
    body: '{"content": "Hello!", "type": "text"}'
    headers:
      Accept:
      - application/json
      Accept-Encoding:
      - gzip, deflate
      Connection:
      - keep-alive
      Content-Length:
      - '37'
      Content-Type:
      - application/json
      User-Agent:
      - azsdk-python-communication-chat/1.1.0 Python/3.10.7 (Windows-10-10.0.22621-SP0)
    method: POST
    uri: https://sanitized.communication.azure.com/chat/threads/sanitized/messages?api-version=2021-09-07
  response:
    body:
      string: '{"id": "sanitized"}'
    headers:
      api-supported-versions:
      - 2021-03-07, 2021-04-05-preview6, 2021-09-07, 2023-04-01-preview, 2023-07-01-preview
      content-length:
      - '19'
      content-type:
      - application/json; charset=utf-8
      date:
      - Fri, 23 Jun 2023 17:05:31 GMT
      location:
      - https://clitest000002.communication.azure.com/chat/threads/19%3AMeJEjPJ_XeU6Xk4Mt_g-xlc_knSzyCxCpfv03QV0Wuk1@thread.v2/messages/1687539931322
      ms-cv:
      - K2nlzFMnpUumgUsrlFtolA.0
      strict-transport-security:
      - max-age=2592000
      x-azure-ref:
      - 029CVZAAAAAAWhLXAtrk1TY2LCT1N1UfQWVZSMzExMDAwMTE1MDMxADlmYzdiNTE5LWE4Y2MtNGY4OS05MzVlLWM5MTQ4YWUwOWU4MQ==
      x-cache:
      - CONFIG_NOCACHE
      x-processing-time:
      - 120ms
    status:
      code: 201
      message: Created
- request:
    body: null
    headers:
      Accept:
      - application/json
      Accept-Encoding:
      - gzip, deflate
      Connection:
      - keep-alive
      User-Agent:
      - azsdk-python-communication-chat/1.1.0 Python/3.10.7 (Windows-10-10.0.22621-SP0)
    method: GET
    uri: https://sanitized.communication.azure.com/chat/threads/sanitized/messages/sanitized?api-version=2021-09-07
  response:
    body:
      string: '{"id": "sanitized", "type": "text", "sequenceId": "3", "version": "1687539931322",
        "content": {"message": "Hello!"}, "senderDisplayName": "", "createdOn": "2023-06-23T17:05:31Z",
        "senderCommunicationIdentifier": {"rawId": "sanitized", "communicationUser":
        {"id": "sanitized"}}}'
    headers:
      api-supported-versions:
      - 2021-03-07, 2021-04-05-preview6, 2021-09-07, 2023-04-01-preview, 2023-07-01-preview
      content-length:
      - '277'
      content-type:
      - application/json; charset=utf-8
      date:
      - Fri, 23 Jun 2023 17:05:31 GMT
      ms-cv:
      - 3McNO0+3PUOBEnYd8QIUeg.0
      strict-transport-security:
      - max-age=2592000
      x-azure-ref:
      - 029CVZAAAAAB2M3Z1WOFZS4s9p3zfiwx4WVZSMzExMDAwMTE1MDExADlmYzdiNTE5LWE4Y2MtNGY4OS05MzVlLWM5MTQ4YWUwOWU4MQ==
      x-cache:
      - CONFIG_NOCACHE
      x-processing-time:
      - 118ms
    status:
      code: 200
      message: OK
- request:
    body: null
    headers:
      Accept:
      - application/json
      Accept-Encoding:
      - gzip, deflate
      Connection:
      - keep-alive
      Content-Length:
      - '0'
      User-Agent:
      - azsdk-python-communication-chat/1.1.0 Python/3.10.7 (Windows-10-10.0.22621-SP0)
    method: DELETE
    uri: https://sanitized.communication.azure.com/chat/threads/sanitized/messages/sanitized?api-version=2021-09-07
  response:
    body:
      string: ''
    headers:
      api-supported-versions:
      - 2021-03-07, 2021-04-05-preview6, 2021-09-07, 2023-04-01-preview, 2023-07-01-preview
      date:
      - Fri, 23 Jun 2023 17:05:32 GMT
      ms-cv:
      - 2dvNIKxKA0uySN5KXTdg7Q.0
      strict-transport-security:
      - max-age=2592000
      x-azure-ref:
      - 03NCVZAAAAADwSFzgNQY/RZIL9Qc8Zer3WVZSMzExMDAwMTE1MDMxADlmYzdiNTE5LWE4Y2MtNGY4OS05MzVlLWM5MTQ4YWUwOWU4MQ==
      x-cache:
      - CONFIG_NOCACHE
      x-processing-time:
      - 175ms
    status:
      code: 204
      message: No Content
- request:
    body: null
    headers:
      Accept:
      - application/json
      Accept-Encoding:
      - gzip, deflate
      Connection:
      - keep-alive
      User-Agent:
      - azsdk-python-communication-chat/1.1.0 Python/3.10.7 (Windows-10-10.0.22621-SP0)
    method: GET
    uri: https://sanitized.communication.azure.com/chat/threads/sanitized/messages/sanitized?api-version=2021-09-07
  response:
    body:
      string: '{"id": "sanitized", "type": "text", "sequenceId": "3", "version": "1687539932332",
        "content": {"message": ""}, "senderDisplayName": "", "createdOn": "2023-06-23T17:05:31Z",
        "senderCommunicationIdentifier": {"rawId": "sanitized", "communicationUser":
        {"id": "sanitized"}}, "deletedOn": "2023-06-23T17:05:32Z"}'
    headers:
      api-supported-versions:
      - 2021-03-07, 2021-04-05-preview6, 2021-09-07, 2023-04-01-preview, 2023-07-01-preview
      content-length:
      - '308'
      content-type:
      - application/json; charset=utf-8
      date:
      - Fri, 23 Jun 2023 17:05:32 GMT
      ms-cv:
      - pp3j0F/qc0uthELJwKS6dw.0
      strict-transport-security:
      - max-age=2592000
      x-azure-ref:
      - 03NCVZAAAAAAfQUqC37zOT7yCbpe12kxLWVZSMzExMDAwMTE1MDI1ADlmYzdiNTE5LWE4Y2MtNGY4OS05MzVlLWM5MTQ4YWUwOWU4MQ==
      x-cache:
      - CONFIG_NOCACHE
      x-processing-time:
      - 125ms
    status:
      code: 200
      message: OK
version: 1
