interactions:
- request:
    body: '{"createTokenWithScopes": ["chat"], "expiresInMinutes": null}'
    headers:
      Accept:
      - application/json
      Accept-Encoding:
      - gzip, deflate
      Connection:
      - keep-alive
      Content-Length:
      - '61'
      Content-Type:
      - application/json
      User-Agent:
      - AzureCli/2.0.0 azsdk-python-communication-identity/1.3.1 Python/3.10.7 (Windows-10-10.0.22621-SP0)
      x-ms-content-sha256:
      - RgFKX8sq6gKDc377EdeILf3jgzCijxLOR8s04qluHkc=
      x-ms-date:
      - Tue, 04 Jul 2023 23:35:59 GMT
      x-ms-return-client-request-id:
      - 'true'
    method: POST
    uri: https://sanitized.communication.azure.com/identities?api-version=2022-10-01
  response:
    body:
      string: '{"identity": {"id": "sanitized"}, "accessToken": {"token": "sanitized",
        "expiresOn": "2023-07-05T23:35:59.7976389+00:00"}}'
    headers:
      api-supported-versions:
      - 2020-07-20-preview2, 2021-02-22-preview1, 2021-03-07, 2021-10-31-preview,
        2021-11-01, 2022-06-01, 2022-10-01, 2023-08-01
      content-length:
      - '122'
      content-type:
      - application/json; charset=utf-8
      date:
      - Tue, 04 Jul 2023 23:35:59 GMT
      ms-cv:
      - M1pH6ggNX0SaoPQfQa+dGg.0
      request-context:
      - appId=
      strict-transport-security:
      - max-age=2592000
      x-azure-ref:
      - 036ykZAAAAAD5T0qmj+rVQr6t1P9FTdIUWVZSMzExMDAwMTE1MDQ3ADlmYzdiNTE5LWE4Y2MtNGY4OS05MzVlLWM5MTQ4YWUwOWU4MQ==
      x-cache:
      - CONFIG_NOCACHE
      x-processing-time:
      - 106ms
    status:
      code: 201
      message: Created
- request:
    body: '{"topic": "yet-another-topic", "participants": []}'
    headers:
      Accept:
      - application/json
      Accept-Encoding:
      - gzip, deflate
      Connection:
      - keep-alive
      Content-Length:
      - '50'
      Content-Type:
      - application/json
      User-Agent:
      - AzureCli/2.0.0 azsdk-python-communication-chat/1.1.0 Python/3.10.7 (Windows-10-10.0.22621-SP0)
      repeatability-request-id:
      - 1e99707d-e091-47ac-a0b0-14fbaa624a83
    method: POST
    uri: https://sanitized.communication.azure.com/chat/threads?api-version=2021-09-07
  response:
    body:
      string: '{"chatThread": {"id": "sanitized", "topic": "yet-another-topic", "createdOn":
        "2023-07-04T23:36:00Z", "createdByCommunicationIdentifier": {"rawId": "sanitized",
        "communicationUser": {"id": "sanitized"}}}}'
    headers:
      api-supported-versions:
      - 2021-03-07, 2021-04-05-preview6, 2021-09-07, 2023-04-01-preview, 2023-07-01-preview
      content-length:
      - '204'
      content-type:
      - application/json; charset=utf-8
      date:
      - Tue, 04 Jul 2023 23:36:00 GMT
      location:
      - https://clitest000002.communication.azure.com/chat/threads/19%3A1aYasHZ-vVjnBHK5_pVcnBwoFecbHz0srSrIRt5-1181@thread.v2
      ms-cv:
      - vO/NjjctXEq8+tUjlwcApg.0
      strict-transport-security:
      - max-age=2592000
      x-azure-ref:
      - 04KykZAAAAABEFHHhC1weQbKGyOFORVBgWVZSMzExMDAwMTE1MDE3ADlmYzdiNTE5LWE4Y2MtNGY4OS05MzVlLWM5MTQ4YWUwOWU4MQ==
      x-cache:
      - CONFIG_NOCACHE
      x-processing-time:
      - 461ms
    status:
      code: 201
      message: Created
- request:
    body: '{"content": "Hello!", "type": "text"}'
    headers:
      Accept:
      - application/json
      Accept-Encoding:
      - gzip, deflate
      Connection:
      - keep-alive
      Content-Length:
      - '37'
      Content-Type:
      - application/json
      User-Agent:
      - azsdk-python-communication-chat/1.1.0 Python/3.10.7 (Windows-10-10.0.22621-SP0)
    method: POST
    uri: https://sanitized.communication.azure.com/chat/threads/sanitized/messages?api-version=2021-09-07
  response:
    body:
      string: '{"id": "sanitized"}'
    headers:
      api-supported-versions:
      - 2021-03-07, 2021-04-05-preview6, 2021-09-07, 2023-04-01-preview, 2023-07-01-preview
      content-length:
      - '19'
      content-type:
      - application/json; charset=utf-8
      date:
      - Tue, 04 Jul 2023 23:36:01 GMT
      location:
      - https://clitest000002.communication.azure.com/chat/threads/19%3A1aYasHZ-vVjnBHK5_pVcnBwoFecbHz0srSrIRt5-1181@thread.v2/messages/1688513761122
      ms-cv:
      - +rK+zszq6EGPeAy7wv6YCw.0
      strict-transport-security:
      - max-age=2592000
      x-azure-ref:
      - 04KykZAAAAADhLnF2SkR7S7UsVst4DV8gWVZSMzExMDAwMTE1MDExADlmYzdiNTE5LWE4Y2MtNGY4OS05MzVlLWM5MTQ4YWUwOWU4MQ==
      x-cache:
      - CONFIG_NOCACHE
      x-processing-time:
      - 244ms
    status:
      code: 201
      message: Created
version: 1
