interactions:
- request:
    body: '{"phoneNumberType": "tollFree", "assignmentType": "application", "capabilities":
      {"calling": "inbound", "sms": "inbound+outbound"}}'
    headers:
      Accept:
      - application/json
      Accept-Encoding:
      - gzip, deflate
      Connection:
      - keep-alive
      Content-Length:
      - '131'
      Content-Type:
      - application/json
      User-Agent:
      - azsdk-python-communication-phonenumbers/1.1.0 Python/3.10.7 (Windows-10-10.0.22621-SP0)
      x-ms-content-sha256:
      - ecyowPPqS6i2jEjg4ZPaHAki9yDR8IHa8lF+VXRefVM=
      x-ms-date:
      - Fri, 23 Jun 2023 17:27:01 GMT
      x-ms-return-client-request-id:
      - 'true'
    method: POST
    uri: https://sanitized.communication.azure.com/availablePhoneNumbers/countries/US/:search?api-version=2022-12-01
  response:
    body:
      string: ''
    headers:
      access-control-expose-headers:
      - Location,Operation-Location,operation-id,search-id
      api-supported-versions:
      - 2021-03-07, 2022-01-11-preview2, 2022-06-01-preview, 2022-12-01, 2022-12-02-preview2,
        2023-05-01-preview
      content-length:
      - '0'
      date:
      - Fri, 23 Jun 2023 17:27:03 GMT
      location:
      - /availablePhoneNumbers/searchResults/28de0d63-068e-48c1-a0b0-0ae144762801?api-version=2022-12-01
      ms-cv:
      - trvtSXdomEmnN7A6e+/ryQ.0
      operation-id:
      - search_28de0d63-068e-48c1-a0b0-0ae144762801
      operation-location:
      - /phoneNumbers/operations/search_28de0d63-068e-48c1-a0b0-0ae144762801?api-version=2022-12-01
      search-id:
      - 28de0d63-068e-48c1-a0b0-0ae144762801
      strict-transport-security:
      - max-age=2592000
      x-azure-ref:
      - 05dWVZAAAAADuIJAwNy/FRqVR/wVA/ZC2WVZSMzExMDAwMTE1MDA5ADlmYzdiNTE5LWE4Y2MtNGY4OS05MzVlLWM5MTQ4YWUwOWU4MQ==
      x-cache:
      - CONFIG_NOCACHE
      x-processing-time:
      - 1231ms
    status:
      code: 202
      message: Accepted
- request:
    body: null
    headers:
      Accept:
      - '*/*'
      Accept-Encoding:
      - gzip, deflate
      Connection:
      - keep-alive
      User-Agent:
      - azsdk-python-communication-phonenumbers/1.1.0 Python/3.10.7 (Windows-10-10.0.22621-SP0)
      x-ms-content-sha256:
      - 47DEQpj8HBSa+/TImW+5JCeuQeRkm5NMpJWZG3hSuFU=
      x-ms-date:
      - Fri, 23 Jun 2023 17:27:03 GMT
      x-ms-return-client-request-id:
      - 'true'
    method: GET
    uri: https://sanitized.communication.azure.com/phoneNumbers/operations/search_28de0d63-068e-48c1-a0b0-0ae144762801?api-version=2022-12-01
  response:
    body:
      string: '{"operationType": "search", "status": "notStarted", "resourceLocation":
        "/availablePhoneNumbers/searchResults/28de0d63-068e-48c1-a0b0-0ae144762801?api-version=2022-12-01",
        "createdDateTime": "2023-06-23T17:27:02.8760945+00:00", "id": "search_28de0d63-068e-48c1-a0b0-0ae144762801",
        "lastActionDateTime": "0001-01-01T00:00:00+00:00"}'
    headers:
      access-control-expose-headers:
      - Location
      api-supported-versions:
      - 2021-03-07, 2022-01-11-preview2, 2022-06-01-preview, 2022-11-15-preview, 2022-12-01,
        2022-12-02-preview2, 2023-05-01-preview
      content-type:
      - application/json; charset=utf-8
      date:
      - Fri, 23 Jun 2023 17:27:03 GMT
      location:
      - /availablePhoneNumbers/searchResults/28de0d63-068e-48c1-a0b0-0ae144762801?api-version=2022-12-01
      ms-cv:
      - 8xEpX4D8S0+t0CrZi2/fow.0
      strict-transport-security:
      - max-age=2592000
      transfer-encoding:
      - chunked
      x-azure-ref:
      - 059WVZAAAAAAjcK/6ay+9RJMity5ItWKsWVZSMzExMDAwMTE1MDA5ADlmYzdiNTE5LWE4Y2MtNGY4OS05MzVlLWM5MTQ4YWUwOWU4MQ==
      x-cache:
      - CONFIG_NOCACHE
      x-processing-time:
      - 229ms
    status:
      code: 200
      message: OK
    url: sanitized
- request:
    body: null
    headers:
      Accept:
      - '*/*'
      Accept-Encoding:
      - gzip, deflate
      Connection:
      - keep-alive
      User-Agent:
      - azsdk-python-communication-phonenumbers/1.1.0 Python/3.10.7 (Windows-10-10.0.22621-SP0)
      x-ms-content-sha256:
      - 47DEQpj8HBSa+/TImW+5JCeuQeRkm5NMpJWZG3hSuFU=
      x-ms-date:
      - Fri, 23 Jun 2023 17:27:05 GMT
      x-ms-return-client-request-id:
      - 'true'
    method: GET
    uri: https://sanitized.communication.azure.com/phoneNumbers/operations/search_28de0d63-068e-48c1-a0b0-0ae144762801?api-version=2022-12-01
  response:
    body:
      string: '{"operationType": "search", "status": "succeeded", "resourceLocation":
        "/availablePhoneNumbers/searchResults/28de0d63-068e-48c1-a0b0-0ae144762801?api-version=2022-12-01",
        "createdDateTime": "2023-06-23T17:27:02.8760945+00:00", "id": "search_28de0d63-068e-48c1-a0b0-0ae144762801",
        "lastActionDateTime": "0001-01-01T00:00:00+00:00"}'
    headers:
      access-control-expose-headers:
      - Location
      api-supported-versions:
      - 2021-03-07, 2022-01-11-preview2, 2022-06-01-preview, 2022-11-15-preview, 2022-12-01,
        2022-12-02-preview2, 2023-05-01-preview
      content-type:
      - application/json; charset=utf-8
      date:
      - Fri, 23 Jun 2023 17:27:05 GMT
      location:
      - /availablePhoneNumbers/searchResults/28de0d63-068e-48c1-a0b0-0ae144762801?api-version=2022-12-01
      ms-cv:
      - wfleanBkBUaroY/GQVH58A.0
      strict-transport-security:
      - max-age=2592000
      transfer-encoding:
      - chunked
      x-azure-ref:
      - 06dWVZAAAAADW8wEHDSg7QJWg90Qn9i2cWVZSMzExMDAwMTE1MDA5ADlmYzdiNTE5LWE4Y2MtNGY4OS05MzVlLWM5MTQ4YWUwOWU4MQ==
      x-cache:
      - CONFIG_NOCACHE
      x-processing-time:
      - 209ms
    status:
      code: 200
      message: OK
    url: sanitized
- request:
    body: null
    headers:
      Accept:
      - '*/*'
      Accept-Encoding:
      - gzip, deflate
      Connection:
      - keep-alive
      User-Agent:
      - azsdk-python-communication-phonenumbers/1.1.0 Python/3.10.7 (Windows-10-10.0.22621-SP0)
      x-ms-content-sha256:
      - 47DEQpj8HBSa+/TImW+5JCeuQeRkm5NMpJWZG3hSuFU=
      x-ms-date:
      - Fri, 23 Jun 2023 17:27:06 GMT
      x-ms-return-client-request-id:
      - 'true'
    method: GET
    uri: https://sanitized.communication.azure.com/availablePhoneNumbers/searchResults/28de0d63-068e-48c1-a0b0-0ae144762801?api-version=2022-12-01
  response:
    body:
      string: '{"searchId": "28de0d63-068e-48c1-a0b0-0ae144762801", "phoneNumbers":
        ["+18333251378"], "phoneNumberType": "tollFree", "assignmentType": "application",
        "capabilities": {"calling": "inbound", "sms": "inbound+outbound"}, "cost":
        {"amount": 2.0, "currencyCode": "USD", "billingFrequency": "monthly"}, "searchExpiresBy":
        "2023-06-23T17:43:04.6762556+00:00", "error": "NoError"}'
    headers:
      api-supported-versions:
      - 2021-03-07, 2022-01-11-preview2, 2022-06-01-preview, 2022-12-01, 2022-12-02-preview2,
        2023-05-01-preview
      content-length:
      - '372'
      content-type:
      - application/json; charset=utf-8
      date:
      - Fri, 23 Jun 2023 17:27:06 GMT
      ms-cv:
      - iRRlielJTU65VHC3lzt3aQ.0
      strict-transport-security:
      - max-age=2592000
      x-azure-ref:
      - 06dWVZAAAAABGHWe6LiYPQoAbozbNIpaUWVZSMzExMDAwMTE1MDA5ADlmYzdiNTE5LWE4Y2MtNGY4OS05MzVlLWM5MTQ4YWUwOWU4MQ==
      x-cache:
      - CONFIG_NOCACHE
      x-processing-time:
      - 430ms
    status:
      code: 200
      message: OK
    url: sanitized
- request:
    body: '{"searchId": "28de0d63-068e-48c1-a0b0-0ae144762801"}'
    headers:
      Accept:
      - application/json
      Accept-Encoding:
      - gzip, deflate
      Connection:
      - keep-alive
      Content-Length:
      - '52'
      Content-Type:
      - application/json
      User-Agent:
      - azsdk-python-communication-phonenumbers/1.1.0 Python/3.10.7 (Windows-10-10.0.22621-SP0)
      x-ms-content-sha256:
      - JoXRi53speDRgKXQjfB9oExJm3qTn1oDoUM4Ve5JXe8=
      x-ms-date:
      - Fri, 23 Jun 2023 17:27:06 GMT
      x-ms-return-client-request-id:
      - 'true'
    method: POST
    uri: https://sanitized.communication.azure.com/availablePhoneNumbers/:purchase?api-version=2022-12-01
  response:
    body:
      string: ''
    headers:
      access-control-expose-headers:
      - Operation-Location,operation-id,purchase-id
      api-supported-versions:
      - 2021-03-07, 2022-01-11-preview2, 2022-06-01-preview, 2022-12-01, 2022-12-02-preview2,
        2023-05-01-preview
      content-length:
      - '0'
      date:
      - Fri, 23 Jun 2023 17:27:07 GMT
      ms-cv:
      - uhZChni95kK9GTVpwICeFw.0
      operation-id:
      - purchase_28de0d63-068e-48c1-a0b0-0ae144762801
      operation-location:
      - /phoneNumbers/operations/purchase_28de0d63-068e-48c1-a0b0-0ae144762801?api-version=2022-12-01
      purchase-id:
      - 28de0d63-068e-48c1-a0b0-0ae144762801
      strict-transport-security:
      - max-age=2592000
      x-azure-ref:
      - 06tWVZAAAAADy0/I0W4C2S5T3I+INxdXWWVZSMzExMDAwMTE1MDA5ADlmYzdiNTE5LWE4Y2MtNGY4OS05MzVlLWM5MTQ4YWUwOWU4MQ==
      x-cache:
      - CONFIG_NOCACHE
      x-processing-time:
      - 1014ms
    status:
      code: 202
      message: Accepted
- request:
    body: null
    headers:
      Accept:
      - '*/*'
      Accept-Encoding:
      - gzip, deflate
      Connection:
      - keep-alive
      User-Agent:
      - azsdk-python-communication-phonenumbers/1.1.0 Python/3.10.7 (Windows-10-10.0.22621-SP0)
      x-ms-content-sha256:
      - 47DEQpj8HBSa+/TImW+5JCeuQeRkm5NMpJWZG3hSuFU=
      x-ms-date:
      - Fri, 23 Jun 2023 17:27:07 GMT
      x-ms-return-client-request-id:
      - 'true'
    method: GET
    uri: https://sanitized.communication.azure.com/phoneNumbers/operations/purchase_28de0d63-068e-48c1-a0b0-0ae144762801?api-version=2022-12-01
  response:
    body:
      string: '{"operationType": "purchase", "status": "running", "resourceLocation":
        null, "createdDateTime": "2023-06-23T17:27:02.8760945+00:00", "id": "purchase_28de0d63-068e-48c1-a0b0-0ae144762801",
        "lastActionDateTime": "0001-01-01T00:00:00+00:00"}'
    headers:
      api-supported-versions:
      - 2021-03-07, 2022-01-11-preview2, 2022-06-01-preview, 2022-11-15-preview, 2022-12-01,
        2022-12-02-preview2, 2023-05-01-preview
      content-type:
      - application/json; charset=utf-8
      date:
      - Fri, 23 Jun 2023 17:27:07 GMT
      ms-cv:
      - vxqZSEfPgUq8GWbOkyYNXA.0
      strict-transport-security:
      - max-age=2592000
      transfer-encoding:
      - chunked
      x-azure-ref:
      - 069WVZAAAAAB+YrysnDSFSKWMYgsJFfg8WVZSMzExMDAwMTE1MDA5ADlmYzdiNTE5LWE4Y2MtNGY4OS05MzVlLWM5MTQ4YWUwOWU4MQ==
      x-cache:
      - CONFIG_NOCACHE
      x-processing-time:
      - 217ms
    status:
      code: 200
      message: OK
    url: sanitized
- request:
    body: null
    headers:
      Accept:
      - '*/*'
      Accept-Encoding:
      - gzip, deflate
      Connection:
      - keep-alive
      User-Agent:
      - azsdk-python-communication-phonenumbers/1.1.0 Python/3.10.7 (Windows-10-10.0.22621-SP0)
      x-ms-content-sha256:
      - 47DEQpj8HBSa+/TImW+5JCeuQeRkm5NMpJWZG3hSuFU=
      x-ms-date:
      - Fri, 23 Jun 2023 17:27:10 GMT
      x-ms-return-client-request-id:
      - 'true'
    method: GET
    uri: https://sanitized.communication.azure.com/phoneNumbers/operations/purchase_28de0d63-068e-48c1-a0b0-0ae144762801?api-version=2022-12-01
  response:
    body:
      string: '{"operationType": "purchase", "status": "notStarted", "resourceLocation":
        null, "createdDateTime": "2023-06-23T17:27:02.8760945+00:00", "id": "purchase_28de0d63-068e-48c1-a0b0-0ae144762801",
        "lastActionDateTime": "0001-01-01T00:00:00+00:00"}'
    headers:
      api-supported-versions:
      - 2021-03-07, 2022-01-11-preview2, 2022-06-01-preview, 2022-11-15-preview, 2022-12-01,
        2022-12-02-preview2, 2023-05-01-preview
      content-type:
      - application/json; charset=utf-8
      date:
      - Fri, 23 Jun 2023 17:27:10 GMT
      ms-cv:
      - gNVfdeq88kCbRZWSFEOK/w.0
      strict-transport-security:
      - max-age=2592000
      transfer-encoding:
      - chunked
      x-azure-ref:
      - 07dWVZAAAAAADP0ygMrkoR5jDydii6EgaWVZSMzExMDAwMTE1MDA5ADlmYzdiNTE5LWE4Y2MtNGY4OS05MzVlLWM5MTQ4YWUwOWU4MQ==
      x-cache:
      - CONFIG_NOCACHE
      x-processing-time:
      - 217ms
    status:
      code: 200
      message: OK
    url: sanitized
- request:
    body: null
    headers:
      Accept:
      - '*/*'
      Accept-Encoding:
      - gzip, deflate
      Connection:
      - keep-alive
      User-Agent:
      - azsdk-python-communication-phonenumbers/1.1.0 Python/3.10.7 (Windows-10-10.0.22621-SP0)
      x-ms-content-sha256:
      - 47DEQpj8HBSa+/TImW+5JCeuQeRkm5NMpJWZG3hSuFU=
      x-ms-date:
      - Fri, 23 Jun 2023 17:27:12 GMT
      x-ms-return-client-request-id:
      - 'true'
    method: GET
    uri: https://sanitized.communication.azure.com/phoneNumbers/operations/purchase_28de0d63-068e-48c1-a0b0-0ae144762801?api-version=2022-12-01
  response:
    body:
      string: '{"operationType": "purchase", "status": "notStarted", "resourceLocation":
        null, "createdDateTime": "2023-06-23T17:27:02.8760945+00:00", "id": "purchase_28de0d63-068e-48c1-a0b0-0ae144762801",
        "lastActionDateTime": "0001-01-01T00:00:00+00:00"}'
    headers:
      api-supported-versions:
      - 2021-03-07, 2022-01-11-preview2, 2022-06-01-preview, 2022-11-15-preview, 2022-12-01,
        2022-12-02-preview2, 2023-05-01-preview
      content-type:
      - application/json; charset=utf-8
      date:
      - Fri, 23 Jun 2023 17:27:12 GMT
      ms-cv:
      - FbXeVI+PtUW4HaILNLNsOw.0
      strict-transport-security:
      - max-age=2592000
      transfer-encoding:
      - chunked
      x-azure-ref:
      - 08NWVZAAAAABeAnwI7OLBRpwi8v7XGgJRWVZSMzExMDAwMTE1MDA5ADlmYzdiNTE5LWE4Y2MtNGY4OS05MzVlLWM5MTQ4YWUwOWU4MQ==
      x-cache:
      - CONFIG_NOCACHE
      x-processing-time:
      - 183ms
    status:
      code: 200
      message: OK
    url: sanitized
- request:
    body: null
    headers:
      Accept:
      - '*/*'
      Accept-Encoding:
      - gzip, deflate
      Connection:
      - keep-alive
      User-Agent:
      - azsdk-python-communication-phonenumbers/1.1.0 Python/3.10.7 (Windows-10-10.0.22621-SP0)
      x-ms-content-sha256:
      - 47DEQpj8HBSa+/TImW+5JCeuQeRkm5NMpJWZG3hSuFU=
      x-ms-date:
      - Fri, 23 Jun 2023 17:27:14 GMT
      x-ms-return-client-request-id:
      - 'true'
    method: GET
    uri: https://sanitized.communication.azure.com/phoneNumbers/operations/purchase_28de0d63-068e-48c1-a0b0-0ae144762801?api-version=2022-12-01
  response:
    body:
      string: '{"operationType": "purchase", "status": "notStarted", "resourceLocation":
        null, "createdDateTime": "2023-06-23T17:27:02.8760945+00:00", "id": "purchase_28de0d63-068e-48c1-a0b0-0ae144762801",
        "lastActionDateTime": "0001-01-01T00:00:00+00:00"}'
    headers:
      api-supported-versions:
      - 2021-03-07, 2022-01-11-preview2, 2022-06-01-preview, 2022-11-15-preview, 2022-12-01,
        2022-12-02-preview2, 2023-05-01-preview
      content-type:
      - application/json; charset=utf-8
      date:
      - Fri, 23 Jun 2023 17:27:14 GMT
      ms-cv:
      - iVrkTs6C2kCXU9T8lYqqmQ.0
      strict-transport-security:
      - max-age=2592000
      transfer-encoding:
      - chunked
      x-azure-ref:
      - 08tWVZAAAAABfXzOFrF+1R6971U1kh55bWVZSMzExMDAwMTE1MDA5ADlmYzdiNTE5LWE4Y2MtNGY4OS05MzVlLWM5MTQ4YWUwOWU4MQ==
      x-cache:
      - CONFIG_NOCACHE
      x-processing-time:
      - 238ms
    status:
      code: 200
      message: OK
    url: sanitized
- request:
    body: null
    headers:
      Accept:
      - '*/*'
      Accept-Encoding:
      - gzip, deflate
      Connection:
      - keep-alive
      User-Agent:
      - azsdk-python-communication-phonenumbers/1.1.0 Python/3.10.7 (Windows-10-10.0.22621-SP0)
      x-ms-content-sha256:
      - 47DEQpj8HBSa+/TImW+5JCeuQeRkm5NMpJWZG3hSuFU=
      x-ms-date:
      - Fri, 23 Jun 2023 17:27:17 GMT
      x-ms-return-client-request-id:
      - 'true'
    method: GET
    uri: https://sanitized.communication.azure.com/phoneNumbers/operations/purchase_28de0d63-068e-48c1-a0b0-0ae144762801?api-version=2022-12-01
  response:
    body:
      string: '{"operationType": "purchase", "status": "notStarted", "resourceLocation":
        null, "createdDateTime": "2023-06-23T17:27:02.8760945+00:00", "id": "purchase_28de0d63-068e-48c1-a0b0-0ae144762801",
        "lastActionDateTime": "0001-01-01T00:00:00+00:00"}'
    headers:
      api-supported-versions:
      - 2021-03-07, 2022-01-11-preview2, 2022-06-01-preview, 2022-11-15-preview, 2022-12-01,
        2022-12-02-preview2, 2023-05-01-preview
      content-type:
      - application/json; charset=utf-8
      date:
      - Fri, 23 Jun 2023 17:27:17 GMT
      ms-cv:
      - LIgHRspnx0yDewe2Me64nQ.0
      strict-transport-security:
      - max-age=2592000
      transfer-encoding:
      - chunked
      x-azure-ref:
      - 09dWVZAAAAAAQPwgfJj84TbLsSStX7vuLWVZSMzExMDAwMTE1MDA5ADlmYzdiNTE5LWE4Y2MtNGY4OS05MzVlLWM5MTQ4YWUwOWU4MQ==
      x-cache:
      - CONFIG_NOCACHE
      x-processing-time:
      - 198ms
    status:
      code: 200
      message: OK
    url: sanitized
- request:
    body: null
    headers:
      Accept:
      - '*/*'
      Accept-Encoding:
      - gzip, deflate
      Connection:
      - keep-alive
      User-Agent:
      - azsdk-python-communication-phonenumbers/1.1.0 Python/3.10.7 (Windows-10-10.0.22621-SP0)
      x-ms-content-sha256:
      - 47DEQpj8HBSa+/TImW+5JCeuQeRkm5NMpJWZG3hSuFU=
      x-ms-date:
      - Fri, 23 Jun 2023 17:27:19 GMT
      x-ms-return-client-request-id:
      - 'true'
    method: GET
    uri: https://sanitized.communication.azure.com/phoneNumbers/operations/purchase_28de0d63-068e-48c1-a0b0-0ae144762801?api-version=2022-12-01
  response:
    body:
      string: '{"operationType": "purchase", "status": "notStarted", "resourceLocation":
        null, "createdDateTime": "2023-06-23T17:27:02.8760945+00:00", "id": "purchase_28de0d63-068e-48c1-a0b0-0ae144762801",
        "lastActionDateTime": "0001-01-01T00:00:00+00:00"}'
    headers:
      api-supported-versions:
      - 2021-03-07, 2022-01-11-preview2, 2022-06-01-preview, 2022-11-15-preview, 2022-12-01,
        2022-12-02-preview2, 2023-05-01-preview
      content-type:
      - application/json; charset=utf-8
      date:
      - Fri, 23 Jun 2023 17:27:19 GMT
      ms-cv:
      - gUiAYWquNESV4U1iG6zzKg.0
      strict-transport-security:
      - max-age=2592000
      transfer-encoding:
      - chunked
      x-azure-ref:
      - 099WVZAAAAAA0cOQFG9wqSaNTzaAPQ5CKWVZSMzExMDAwMTE1MDA5ADlmYzdiNTE5LWE4Y2MtNGY4OS05MzVlLWM5MTQ4YWUwOWU4MQ==
      x-cache:
      - CONFIG_NOCACHE
      x-processing-time:
      - 194ms
    status:
      code: 200
      message: OK
    url: sanitized
- request:
    body: null
    headers:
      Accept:
      - '*/*'
      Accept-Encoding:
      - gzip, deflate
      Connection:
      - keep-alive
      User-Agent:
      - azsdk-python-communication-phonenumbers/1.1.0 Python/3.10.7 (Windows-10-10.0.22621-SP0)
      x-ms-content-sha256:
      - 47DEQpj8HBSa+/TImW+5JCeuQeRkm5NMpJWZG3hSuFU=
      x-ms-date:
      - Fri, 23 Jun 2023 17:27:21 GMT
      x-ms-return-client-request-id:
      - 'true'
    method: GET
    uri: https://sanitized.communication.azure.com/phoneNumbers/operations/purchase_28de0d63-068e-48c1-a0b0-0ae144762801?api-version=2022-12-01
  response:
    body:
      string: '{"operationType": "purchase", "status": "notStarted", "resourceLocation":
        null, "createdDateTime": "2023-06-23T17:27:02.8760945+00:00", "id": "purchase_28de0d63-068e-48c1-a0b0-0ae144762801",
        "lastActionDateTime": "0001-01-01T00:00:00+00:00"}'
    headers:
      api-supported-versions:
      - 2021-03-07, 2022-01-11-preview2, 2022-06-01-preview, 2022-11-15-preview, 2022-12-01,
        2022-12-02-preview2, 2023-05-01-preview
      content-type:
      - application/json; charset=utf-8
      date:
      - Fri, 23 Jun 2023 17:27:21 GMT
      ms-cv:
      - C/SIIU3vnE+rgJeTuh+qQQ.0
      strict-transport-security:
      - max-age=2592000
      transfer-encoding:
      - chunked
      x-azure-ref:
      - 0+dWVZAAAAABCHG+DgkD9SqdDm7nqOzlpWVZSMzExMDAwMTE1MDA5ADlmYzdiNTE5LWE4Y2MtNGY4OS05MzVlLWM5MTQ4YWUwOWU4MQ==
      x-cache:
      - CONFIG_NOCACHE
      x-processing-time:
      - 224ms
    status:
      code: 200
      message: OK
    url: sanitized
- request:
    body: null
    headers:
      Accept:
      - '*/*'
      Accept-Encoding:
      - gzip, deflate
      Connection:
      - keep-alive
      User-Agent:
      - azsdk-python-communication-phonenumbers/1.1.0 Python/3.10.7 (Windows-10-10.0.22621-SP0)
      x-ms-content-sha256:
      - 47DEQpj8HBSa+/TImW+5JCeuQeRkm5NMpJWZG3hSuFU=
      x-ms-date:
      - Fri, 23 Jun 2023 17:27:24 GMT
      x-ms-return-client-request-id:
      - 'true'
    method: GET
    uri: https://sanitized.communication.azure.com/phoneNumbers/operations/purchase_28de0d63-068e-48c1-a0b0-0ae144762801?api-version=2022-12-01
  response:
    body:
      string: '{"operationType": "purchase", "status": "succeeded", "resourceLocation":
        null, "createdDateTime": "2023-06-23T17:27:02.8760945+00:00", "id": "purchase_28de0d63-068e-48c1-a0b0-0ae144762801",
        "lastActionDateTime": "0001-01-01T00:00:00+00:00"}'
    headers:
      api-supported-versions:
      - 2021-03-07, 2022-01-11-preview2, 2022-06-01-preview, 2022-11-15-preview, 2022-12-01,
        2022-12-02-preview2, 2023-05-01-preview
      content-type:
      - application/json; charset=utf-8
      date:
      - Fri, 23 Jun 2023 17:27:24 GMT
      ms-cv:
      - IJFpPRQSJkO6wrjrJ7M2KA.0
      strict-transport-security:
      - max-age=2592000
      transfer-encoding:
      - chunked
      x-azure-ref:
      - 0/NWVZAAAAABtn+VU5eMGTaBqFBRJcnFOWVZSMzExMDAwMTE1MDA5ADlmYzdiNTE5LWE4Y2MtNGY4OS05MzVlLWM5MTQ4YWUwOWU4MQ==
      x-cache:
      - CONFIG_NOCACHE
      x-processing-time:
      - 201ms
    status:
      code: 200
      message: OK
    url: sanitized
- request:
    body: '{"from": "sanitized", "smsRecipients": [{"to": "sanitized", "repeatabilityRequestId":
      "sanitized", "repeatabilityFirstSent": "sanitized"}], "message": "Hello there!!",
      "smsSendOptions": {"enableDeliveryReport": false}}'
    headers:
      Accept:
      - application/json
      Accept-Encoding:
      - gzip, deflate
      Connection:
      - keep-alive
      Content-Length:
      - '218'
      Content-Type:
      - application/json
      Date:
      - Fri, 23 Jun 2023 17:27:24 GMT
      User-Agent:
      - AzureCli/2.0.0 azsdk-python-communication-sms/1.0.1 Python/3.10.7 (Windows-10-10.0.22621-SP0)
      x-ms-content-sha256:
      - Gl8ConxOL4h4vXBkufX5cgDfMiKZZUOC/xneRSfO7J0=
      x-ms-return-client-request-id:
      - 'true'
    method: POST
    uri: https://sanitized.communication.azure.com/sms?api-version=2021-03-07
  response:
    body:
      string: '{"value": [{"to": "sanitized", "messageId": "sanitized", "httpStatusCode":
        202, "repeatabilityResult": "accepted", "successful": true}]}'
    headers:
      api-supported-versions:
      - 2020-07-20-preview1, 2020-08-20-preview, 2021-03-07
      content-length:
      - '136'
      content-type:
      - application/json; charset=utf-8
      date:
      - Fri, 23 Jun 2023 17:27:25 GMT
      ms-cv:
      - n5g9qUzMEkWLPK40hIRokA.0
      strict-transport-security:
      - max-age=2592000
      x-azure-ref:
      - 0/NWVZAAAAAAY+SBRfJ94Tb7DAhvZa+yuWVZSMzExMDAwMTE1MDI5ADlmYzdiNTE5LWE4Y2MtNGY4OS05MzVlLWM5MTQ4YWUwOWU4MQ==
      x-cache:
      - CONFIG_NOCACHE
      x-processing-time:
      - 307ms
    status:
      code: 202
      message: Accepted
    url: sanitized
version: 1
